// Jest Snapshot v1, https://goo.gl/fbAQLP

exports[`EstablishmentsTableNavigation matches snapshot 1`] = `
<DocumentFragment>
  <div
    data-testid="pagination-controls"
  >
    <button
      aria-disabled="false"
      aria-label="Previous page"
      type="button"
    >
      Previous
    </button>
    <span>
      Page 2 of 5
    </span>
    <button
      aria-disabled="false"
      aria-label="Next page"
      type="button"
    >
      Next
    </button>
  </div>
</DocumentFragment>
`;
