// Jest Snapshot v1, https://goo.gl/fbAQLP

exports[`EstablishmentsTable matches snapshot 1`] = `
<DocumentFragment>
  <table
    class="table"
  >
    <thead>
      <tr>
        <th
          class="header"
        >
          Business Name
        </th>
        <th
          class="header"
        >
          Rating
        </th>
      </tr>
    </thead>
    <tbody>
      <tr
        class="row"
        role="row"
      >
        <td
          class="cell"
        >
          <a
            class="link"
            href="/establishment/1"
          >
            Test Restaurant
          </a>
        </td>
        <td
          class="cell"
        >
          5
        </td>
      </tr>
    </tbody>
  </table>
</DocumentFragment>
`;
